// Jest Snapshot v1, https://goo.gl/fbAQLP

exports[`app UI component matches the snapshot 1`] = `
<RNCSafeAreaProvider
  onInsetsChange={[Function]}
  style={
    [
      {
        "flex": 1,
      },
      undefined,
    ]
  }
>
  <RNSScreenNavigationContainer
    style={
      {
        "flex": 1,
        "overflow": "hidden",
      }
    }
  >
    <RNSScreen
      activityState={2}
      collapsable={false}
      gestureResponseDistance={
        {
          "bottom": -1,
          "end": -1,
          "start": -1,
          "top": -1,
        }
      }
      onGestureCancel={[Function]}
      sheetAllowedDetents="large"
      sheetCornerRadius={-1}
      sheetExpandsWhenScrolledToEdge={true}
      sheetGrabberVisible={false}
      sheetLargestUndimmedDetent="all"
      style={
        {
          "bottom": 0,
          "left": 0,
          "position": "absolute",
          "right": 0,
          "top": 0,
          "zIndex": 0,
        }
      }
    >
      <View
        accessibilityElementsHidden={false}
        importantForAccessibility="auto"
        style={
          [
            {
              "backgroundColor": "rgb(242, 242, 242)",
              "flex": 1,
            },
            [
              {
                "flex": 1,
                "flexDirection": "column-reverse",
              },
              undefined,
            ],
          ]
        }
      >
        <View
          style={
            {
              "flex": 1,
            }
          }
        >
          <View
            style={
              {
                "alignItems": "center",
                "backgroundColor": "#fff",
                "flex": 1,
                "justifyContent": "center",
              }
            }
          >
            <View
              style={
                {
                  "flexDirection": "row",
                  "flexWrap": "wrap",
                  "marginTop": 10,
                }
              }
            >
              <View
                accessibilityRole="button"
                accessibilityState={
                  {
                    "busy": undefined,
                    "checked": undefined,
                    "disabled": undefined,
                    "expanded": undefined,
                    "selected": undefined,
                  }
                }
                accessibilityValue={
                  {
                    "max": undefined,
                    "min": undefined,
                    "now": undefined,
                    "text": undefined,
                  }
                }
                accessible={true}
                collapsable={false}
                focusable={true}
                onClick={[Function]}
                onResponderGrant={[Function]}
                onResponderMove={[Function]}
                onResponderRelease={[Function]}
                onResponderTerminate={[Function]}
                onResponderTerminationRequest={[Function]}
                onStartShouldSetResponder={[Function]}
                style={
                  {
                    "opacity": 1,
                  }
                }
              >
                <View
                  style={
                    [
                      {},
                    ]
                  }
                >
                  <Text
                    style={
                      [
                        {
                          "color": "#007AFF",
                          "fontSize": 18,
                          "margin": 8,
                          "textAlign": "center",
                        },
                      ]
                    }
                  >
                    Search
                  </Text>
                </View>
              </View>
              <TextInput
                defaultValue=""
                onChangeText={[Function]}
                placeholder="Search Books"
                style={
                  {
                    "borderWidth": 2,
                    "height": 35,
                    "paddingHorizontal": 10,
                    "width": 200,
                  }
                }
              />
            </View>
            <View
              style={
                {
                  "alignItems": "center",
                  "flex": 1,
                  "justifyContent": "center",
                  "marginTop": "5%",
                }
              }
            >
              <View
                style={
                  {
                    "borderBottomWidth": 2,
                    "borderLeftWidth": 2,
                    "borderRightWidth": 2,
                    "flexDirection": "row",
                  }
                }
              >
                <View
                  style={
                    {
                      "backgroundColor": "black",
                      "padding": 5,
                      "width": 95,
                    }
                  }
                >
                  <Text
                    style={
                      {
                        "color": "white",
                        "textAlign": "center",
                      }
                    }
                  >
                    Title
                  </Text>
                </View>
                <View
                  style={
                    {
                      "backgroundColor": "black",
                      "padding": 5,
                      "width": 95,
                    }
                  }
                >
                  <Text
                    style={
                      {
                        "color": "white",
                        "textAlign": "center",
                      }
                    }
                  >
                    Author Name
                  </Text>
                </View>
                <View
                  style={
                    {
                      "backgroundColor": "black",
                      "padding": 5,
                      "width": 95,
                    }
                  }
                >
                  <Text
                    style={
                      {
                        "color": "white",
                        "textAlign": "center",
                      }
                    }
                  >
                    First Publish Year
                  </Text>
                </View>
                <View
                  style={
                    {
                      "backgroundColor": "black",
                      "padding": 5,
                      "width": 95,
                    }
                  }
                >
                  <Text
                    style={
                      {
                        "color": "white",
                        "textAlign": "center",
                      }
                    }
                  >
                    Number of Pages Median
                  </Text>
                </View>
              </View>
              <RCTScrollView
                data={[]}
                getItem={[Function]}
                getItemCount={[Function]}
                keyExtractor={[Function]}
                onContentSizeChange={[Function]}
                onLayout={[Function]}
                onMomentumScrollBegin={[Function]}
                onMomentumScrollEnd={[Function]}
                onScroll={[Function]}
                onScrollBeginDrag={[Function]}
                onScrollEndDrag={[Function]}
                removeClippedSubviews={false}
                renderItem={[Function]}
                scrollEventThrottle={50}
                stickyHeaderIndices={[]}
                viewabilityConfigCallbackPairs={[]}
              >
                <View />
              </RCTScrollView>
            </View>
          </View>
        </View>
        <View
          onLayout={[Function]}
          style={null}
        >
          <View
            collapsable={false}
            pointerEvents="box-none"
            style={
              {
                "bottom": 0,
                "left": 0,
                "position": "absolute",
                "right": 0,
                "top": 0,
                "zIndex": 0,
              }
            }
          >
            <View
              collapsable={false}
              style={
                {
                  "backgroundColor": "#34455D",
                  "borderBottomColor": "rgb(216, 216, 216)",
                  "flex": 1,
                  "shadowColor": "rgb(216, 216, 216)",
                  "shadowOffset": {
                    "height": 0.5,
                    "width": 0,
                  },
                  "shadowOpacity": 0.85,
                  "shadowRadius": 0,
                }
              }
            />
          </View>
          <View
            collapsable={false}
            pointerEvents="box-none"
            style={
              {
                "height": 44,
                "maxHeight": undefined,
                "minHeight": undefined,
                "opacity": undefined,
                "transform": undefined,
              }
            }
          >
            <View
              pointerEvents="none"
              style={
                {
                  "height": 0,
                }
              }
            />
            <View
              pointerEvents="box-none"
              style={
                {
                  "alignItems": "stretch",
                  "flex": 1,
                  "flexDirection": "row",
                }
              }
            >
              <View
                collapsable={false}
                pointerEvents="box-none"
                style={
                  {
                    "alignItems": "flex-start",
                    "flexBasis": 0,
                    "flexGrow": 1,
                    "justifyContent": "center",
                    "marginStart": 0,
                  }
                }
              />
              <View
                collapsable={false}
                pointerEvents="box-none"
                style={
                  {
                    "justifyContent": "center",
                    "marginHorizontal": 16,
                    "maxWidth": 718,
                  }
                }
              >
                <Text
                  accessibilityRole="header"
                  aria-level="1"
                  collapsable={false}
                  numberOfLines={1}
                  style={
                    {
                      "color": "white",
                      "fontSize": 17,
                      "fontWeight": "600",
                    }
                  }
                >
                  Books
                </Text>
              </View>
              <View
                collapsable={false}
                pointerEvents="box-none"
                style={
                  {
                    "alignItems": "flex-end",
                    "flexBasis": 0,
                    "flexGrow": 1,
                    "justifyContent": "center",
                    "marginEnd": 0,
                  }
                }
              />
            </View>
          </View>
        </View>
      </View>
    </RNSScreen>
  </RNSScreenNavigationContainer>
  <View
    collapsable={false}
    onLayout={[Function]}
    pointerEvents="auto"
    style={
      {
        "backgroundColor": "rgb(255, 255, 255)",
        "borderTopColor": "rgb(216, 216, 216)",
        "borderTopWidth": 0.5,
        "bottom": 0,
        "elevation": 8,
        "height": 49,
        "left": 0,
        "paddingBottom": 0,
        "paddingHorizontal": 0,
        "position": null,
        "right": 0,
        "transform": [
          {
            "translateY": 0,
          },
        ],
      }
    }
  >
    <View
      pointerEvents="none"
      style={
        {
          "bottom": 0,
          "left": 0,
          "position": "absolute",
          "right": 0,
          "top": 0,
        }
      }
    />
    <View
      accessibilityRole="tablist"
      style={
        {
          "flex": 1,
          "flexDirection": "row",
        }
      }
    >
      <View
        accessibilityLabel="Books, tab, 1 of 3"
        accessibilityRole="button"
        accessibilityState={
          {
            "busy": undefined,
            "checked": undefined,
            "disabled": undefined,
            "expanded": undefined,
            "selected": true,
          }
        }
        accessibilityStates={
          [
            "selected",
          ]
        }
        accessibilityValue={
          {
            "max": undefined,
            "min": undefined,
            "now": undefined,
            "text": undefined,
          }
        }
        accessible={true}
        collapsable={false}
        focusable={true}
        onBlur={[Function]}
        onClick={[Function]}
        onFocus={[Function]}
        onResponderGrant={[Function]}
        onResponderMove={[Function]}
        onResponderRelease={[Function]}
        onResponderTerminate={[Function]}
        onResponderTerminationRequest={[Function]}
        onStartShouldSetResponder={[Function]}
        style={
          [
            {
              "alignItems": "center",
              "flex": 1,
            },
            {
              "backgroundColor": "#34455D",
            },
            {
              "flexDirection": "column",
              "justifyContent": "flex-end",
            },
            undefined,
          ]
        }
      >
        <View
          style={
            [
              {
                "flex": 1,
              },
              undefined,
            ]
          }
        >
          <View
            style={
              [
                {
                  "alignItems": "center",
                  "alignSelf": "center",
                  "height": "100%",
                  "justifyContent": "center",
                  "minWidth": 25,
                  "position": "absolute",
                  "width": "100%",
                },
                {
                  "opacity": 1,
                },
              ]
            }
          >
            <Text />
          </View>
          <View
            style={
              [
                {
                  "alignItems": "center",
                  "alignSelf": "center",
                  "height": "100%",
                  "justifyContent": "center",
                  "minWidth": 25,
                  "position": "absolute",
                  "width": "100%",
                },
                {
                  "opacity": 0,
                },
              ]
            }
          >
            <Text />
          </View>
        </View>
        <Text
          numberOfLines={1}
          style={
            [
              {
                "backgroundColor": "transparent",
                "textAlign": "center",
              },
              {
                "color": "dodgerblue",
              },
              {
                "fontSize": 10,
              },
              undefined,
            ]
          }
        >
          Books
        </Text>
      </View>
      <View
        accessibilityLabel="Subject, tab, 2 of 3"
        accessibilityRole="button"
        accessibilityState={
          {
            "busy": undefined,
            "checked": undefined,
            "disabled": undefined,
            "expanded": undefined,
            "selected": false,
          }
        }
        accessibilityStates={[]}
        accessibilityValue={
          {
            "max": undefined,
            "min": undefined,
            "now": undefined,
            "text": undefined,
          }
        }
        accessible={true}
        collapsable={false}
        focusable={true}
        onBlur={[Function]}
        onClick={[Function]}
        onFocus={[Function]}
        onResponderGrant={[Function]}
        onResponderMove={[Function]}
        onResponderRelease={[Function]}
        onResponderTerminate={[Function]}
        onResponderTerminationRequest={[Function]}
        onStartShouldSetResponder={[Function]}
        style={
          [
            {
              "alignItems": "center",
              "flex": 1,
            },
            {
              "backgroundColor": "#34455D",
            },
            {
              "flexDirection": "column",
              "justifyContent": "flex-end",
            },
            undefined,
          ]
        }
      >
        <View
          style={
            [
              {
                "flex": 1,
              },
              undefined,
            ]
          }
        >
          <View
            style={
              [
                {
                  "alignItems": "center",
                  "alignSelf": "center",
                  "height": "100%",
                  "justifyContent": "center",
                  "minWidth": 25,
                  "position": "absolute",
                  "width": "100%",
                },
                {
                  "opacity": 0,
                },
              ]
            }
          >
            <Text />
          </View>
          <View
            style={
              [
                {
                  "alignItems": "center",
                  "alignSelf": "center",
                  "height": "100%",
                  "justifyContent": "center",
                  "minWidth": 25,
                  "position": "absolute",
                  "width": "100%",
                },
                {
                  "opacity": 1,
                },
              ]
            }
          >
            <Text />
          </View>
        </View>
        <Text
          numberOfLines={1}
          style={
            [
              {
                "backgroundColor": "transparent",
                "textAlign": "center",
              },
              {
                "color": "lightgray",
              },
              {
                "fontSize": 10,
              },
              undefined,
            ]
          }
        >
          Subject
        </Text>
      </View>
      <View
        accessibilityLabel="Author, tab, 3 of 3"
        accessibilityRole="button"
        accessibilityState={
          {
            "busy": undefined,
            "checked": undefined,
            "disabled": undefined,
            "expanded": undefined,
            "selected": false,
          }
        }
        accessibilityStates={[]}
        accessibilityValue={
          {
            "max": undefined,
            "min": undefined,
            "now": undefined,
            "text": undefined,
          }
        }
        accessible={true}
        collapsable={false}
        focusable={true}
        onBlur={[Function]}
        onClick={[Function]}
        onFocus={[Function]}
        onResponderGrant={[Function]}
        onResponderMove={[Function]}
        onResponderRelease={[Function]}
        onResponderTerminate={[Function]}
        onResponderTerminationRequest={[Function]}
        onStartShouldSetResponder={[Function]}
        style={
          [
            {
              "alignItems": "center",
              "flex": 1,
            },
            {
              "backgroundColor": "#34455D",
            },
            {
              "flexDirection": "column",
              "justifyContent": "flex-end",
            },
            undefined,
          ]
        }
      >
        <View
          style={
            [
              {
                "flex": 1,
              },
              undefined,
            ]
          }
        >
          <View
            style={
              [
                {
                  "alignItems": "center",
                  "alignSelf": "center",
                  "height": "100%",
                  "justifyContent": "center",
                  "minWidth": 25,
                  "position": "absolute",
                  "width": "100%",
                },
                {
                  "opacity": 0,
                },
              ]
            }
          >
            <Text />
          </View>
          <View
            style={
              [
                {
                  "alignItems": "center",
                  "alignSelf": "center",
                  "height": "100%",
                  "justifyContent": "center",
                  "minWidth": 25,
                  "position": "absolute",
                  "width": "100%",
                },
                {
                  "opacity": 1,
                },
              ]
            }
          >
            <Text />
          </View>
        </View>
        <Text
          numberOfLines={1}
          style={
            [
              {
                "backgroundColor": "transparent",
                "textAlign": "center",
              },
              {
                "color": "lightgray",
              },
              {
                "fontSize": 10,
              },
              undefined,
            ]
          }
        >
          Author
        </Text>
      </View>
    </View>
  </View>
</RNCSafeAreaProvider>
`;
